\BOOKMARK [0][-]{chapter.1}{\376\377\000G\000I\036\332\000I\000\040\000T\000H\000I\036\306\000U\000\040\001\020\036\300\000\040\000T\000\300\000I}{}% 1
\BOOKMARK [1][-]{section.1.1}{\376\377\001\020\036\267\000t\000\040\000v\036\245\000n\000\040\001\021\036\301}{chapter.1}% 2
\BOOKMARK [1][-]{section.1.2}{\376\377\000C\000\341\000c\000\040\000g\000i\036\243\000i\000\040\000p\000h\000\341\000p\000\040\000h\000i\036\307\000n\000\040\000t\036\241\000i\000\040\000v\000\340\000\040\000h\036\241\000n\000\040\000c\000h\036\277}{chapter.1}% 3
\BOOKMARK [1][-]{section.1.3}{\376\377\000M\036\345\000c\000\040\000t\000i\000\352\000u\000\040\000v\000\340\000\040\001\021\036\313\000n\000h\000\040\000h\001\260\036\333\000n\000g\000\040\000g\000i\036\243\000i\000\040\000p\000h\000\341\000p}{chapter.1}% 4
\BOOKMARK [1][-]{section.1.4}{\376\377\001\020\000\363\000n\000g\000\040\000g\000\363\000p\000\040\000c\036\347\000a\000\040\001\021\036\323\000\040\000\341\000n}{chapter.1}% 5
\BOOKMARK [1][-]{section.1.5}{\376\377\000B\036\321\000\040\000c\036\345\000c\000\040\001\021\036\323\000\040\000\341\000n}{chapter.1}% 6
\BOOKMARK [0][-]{chapter.2}{\376\377\000N\036\300\000N\000\040\000T\036\242\000N\000G\000\040\000L\000\335\000\040\000T\000H\000U\000Y\036\276\000T}{}% 7
\BOOKMARK [1][-]{section.2.1}{\376\377\000N\000g\036\357\000\040\000c\036\243\000n\000h\000\040\000b\000\340\000i\000\040\000t\000o\000\341\000n\000\040\000p\000h\000\341\000t\000\040\000h\000i\036\307\000n\000\040\000x\000\342\000m\000\040\000n\000h\036\255\000p\000\040\000m\036\241\000n\000g}{chapter.2}% 8
\BOOKMARK [1][-]{section.2.2}{\376\377\000C\000\341\000c\000\040\000n\000g\000h\000i\000\352\000n\000\040\000c\036\351\000u\000\040\000l\000i\000\352\000n\000\040\000q\000u\000a\000n}{chapter.2}% 9
\BOOKMARK [1][-]{section.2.3}{\376\377\000K\000i\036\277\000n\000\040\000t\000r\000\372\000c\000\040\000F\000e\000a\000t\000u\000r\000e\000\040\000T\000o\000k\000e\000n\000i\000z\000e\000r\000\040\000T\000r\000a\000n\000s\000f\000o\000r\000m\000e\000r}{chapter.2}% 10
\BOOKMARK [2][-]{subsection.2.3.1}{\376\377\000C\001\241\000\040\000c\000h\036\277\000\040\000m\000\343\000\040\000h\000\363\000a\000\040\001\021\036\267\000c\000\040\000t\000r\001\260\000n\000g}{section.2.3}% 11
\BOOKMARK [2][-]{subsection.2.3.2}{\376\377\000S\000e\000l\000f\000-\000A\000t\000t\000e\000n\000t\000i\000o\000n\000\040\000v\000\340\000\040\000T\000r\000a\000n\000s\000f\000o\000r\000m\000e\000r\000\040\000B\000l\000o\000c\000k}{section.2.3}% 12
\BOOKMARK [2][-]{subsection.2.3.3}{\376\377\000L\036\343\000i\000\040\000t\000h\036\277\000\040\000s\000o\000\040\000v\036\333\000i\000\040\000M\000L\000P\000\040\000v\000\340\000\040\000m\000\364\000\040\000h\000\354\000n\000h\000\040\000c\000\342\000y\000\040\000t\000r\000\352\000n\000\040\000d\036\357\000\040\000l\000i\036\307\000u\000\040\000d\036\241\000n\000g\000\040\000b\036\243\000n\000g}{section.2.3}% 13
\BOOKMARK [1][-]{section.2.4}{\376\377\000C\000\341\000c\000\040\000k\036\371\000\040\000t\000h\000u\036\255\000t\000\040\000x\036\355\000\040\000l\000\375\000\040\000m\036\245\000t\000\040\000c\000\342\000n\000\040\000b\036\261\000n\000g\000\040\000d\036\357\000\040\000l\000i\036\307\000u}{chapter.2}% 14
\BOOKMARK [2][-]{subsection.2.4.1}{\376\377\000F\000o\000c\000a\000l\000\040\000L\000o\000s\000s}{section.2.4}% 15
\BOOKMARK [2][-]{subsection.2.4.2}{\376\377\000S\000M\000O\000T\000E}{section.2.4}% 16
\BOOKMARK [2][-]{subsection.2.4.3}{\376\377\000W\000e\000i\000g\000h\000t\000e\000d\000\040\000R\000a\000n\000d\000o\000m\000\040\000S\000a\000m\000p\000l\000i\000n\000g\000\040\000v\000\340\000\040\000C\000l\000a\000s\000s\000\040\000W\000e\000i\000g\000h\000t\000s}{section.2.4}% 17
\BOOKMARK [1][-]{section.2.5}{\376\377\000H\036\315\000c\000\040\000c\000h\000u\000y\036\303\000n\000\040\000g\000i\000a\000o\000\040\000v\000\340\000\040\000t\000h\000\355\000c\000h\000\040\000n\000g\000h\000i\000\040\000m\000i\036\301\000n}{chapter.2}% 18
\BOOKMARK [1][-]{section.2.6}{\376\377\000H\036\307\000\040\000t\000h\036\321\000n\000g\000\040\000I\000D\000S\000\040\000l\000a\000i\000\040\000g\000h\000\351\000p\000:\000\040\000p\000h\000\341\000t\000\040\000h\000i\036\307\000n\000\040\000t\000h\000e\000o\000\040\000l\000u\036\255\000t\000\040\000v\000\340\000\040\000t\000h\000e\000o\000\040\000h\000\340\000n\000h\000\040\000v\000i\000\040\000b\036\245\000t\000\040\000t\000h\001\260\036\335\000n\000g}{chapter.2}% 19
\BOOKMARK [0][-]{chapter.3}{\376\377\000P\000H\001\257\001\240\000N\000G\000\040\000P\000H\000\301\000P\000\040\001\020\036\300\000\040\000X\000U\036\244\000T}{}% 20
\BOOKMARK [1][-]{section.3.1}{\376\377\000T\036\325\000n\000g\000\040\000q\000u\000a\000n\000\040\000k\000i\036\277\000n\000\040\000t\000r\000\372\000c\000\040\000h\036\307\000\040\000t\000h\036\321\000n\000g}{chapter.3}% 21
\BOOKMARK [1][-]{section.3.2}{\376\377\000G\000i\000a\000i\000\040\001\021\000o\036\241\000n\000\040\0001\000:\000\040\000X\000\342\000y\000\040\000d\036\361\000n\000g\000\040\000m\000\364\000\040\000h\000\354\000n\000h\000\040\000n\036\301\000n\000\040\000t\036\243\000n\000g\000\040\000t\000r\000\352\000n\000\040\000N\000S\000L\000-\000K\000D\000D}{chapter.3}% 22
\BOOKMARK [2][-]{subsection.3.2.1}{\376\377\001\020\036\267\000c\000\040\001\021\000i\036\303\000m\000\040\000b\036\331\000\040\000d\036\357\000\040\000l\000i\036\307\000u\000\040\000N\000S\000L\000-\000K\000D\000D\000\040\000v\000\340\000\040\000q\000u\000y\000\040\000t\000r\000\354\000n\000h\000\040\000t\000i\036\301\000n\000\040\000x\036\355\000\040\000l\000\375}{section.3.2}% 23
\BOOKMARK [2][-]{subsection.3.2.2}{\376\377\000K\000i\036\277\000n\000\040\000t\000r\000\372\000c\000\040\000T\000w\000o\000-\000S\000t\000a\000g\000e\000:\000\040\000A\000u\000t\000o\000e\000n\000c\000o\000d\000e\000r\000\040\000v\000\340\000\040\000S\000t\000a\000c\000k\000i\000n\000g\000\040\000E\000n\000s\000e\000m\000b\000l\000e}{section.3.2}% 24
\BOOKMARK [2][-]{subsection.3.2.3}{\376\377\000C\000h\000i\036\277\000n\000\040\000l\001\260\036\343\000c\000\040\000x\036\355\000\040\000l\000\375\000\040\000m\036\245\000t\000\040\000c\000\342\000n\000\040\000b\036\261\000n\000g}{section.3.2}% 25
\BOOKMARK [2][-]{subsection.3.2.4}{\376\377\000G\000i\036\333\000i\000\040\000h\036\241\000n\000\040\000c\036\347\000a\000\040\000N\000S\000L\000-\000K\000D\000D\000\040\000v\000\340\000\040\001\021\036\331\000n\000g\000\040\000c\001\241\000\040\000c\000h\000u\000y\036\303\000n\000\040\000s\000a\000n\000g\000\040\000C\000I\000C\000-\000I\000D\000S\000-\0002\0000\0001\0007}{section.3.2}% 26
\BOOKMARK [1][-]{section.3.3}{\376\377\000G\000i\000a\000i\000\040\001\021\000o\036\241\000n\000\040\0002\000:\000\040\000T\000w\000o\000-\000S\000t\000a\000g\000e\000\040\000C\000a\000s\000c\000a\000d\000e\000\040\000N\000I\000D\000S\000\040\000t\000r\000\352\000n\000\040\000C\000I\000C\000-\000I\000D\000S\000-\0002\0000\0001\0007}{chapter.3}% 27
\BOOKMARK [2][-]{subsection.3.3.1}{\376\377\000B\036\331\000\040\000d\036\357\000\040\000l\000i\036\307\000u\000\040\000C\000I\000C\000-\000I\000D\000S\000-\0002\0000\0001\0007\000\040\000v\000\340\000\040\000t\000h\000\341\000c\000h\000\040\000t\000h\036\351\000c\000\040\000m\036\245\000t\000\040\000c\000\342\000n\000\040\000b\036\261\000n\000g\000\040\000c\036\361\000c\000\040\001\021\000o\000a\000n}{section.3.3}% 28
\BOOKMARK [2][-]{subsection.3.3.2}{\376\377\000Q\000u\000y\000\040\000t\000r\000\354\000n\000h\000\040\000t\000i\036\301\000n\000\040\000x\036\355\000\040\000l\000\375\000\040\000v\000\340\000\040\000k\036\371\000\040\000t\000h\000u\036\255\000t\000\040\000h\000\363\000a\000\040\001\021\036\267\000c\000\040\000t\000r\001\260\000n\000g}{section.3.3}% 29
\BOOKMARK [2][-]{subsection.3.3.3}{\376\377\000T\036\247\000n\000g\000\040\0001\000:\000\040\000G\000a\000t\000i\000n\000g\000\040\000N\000e\000t\000w\000o\000r\000k}{section.3.3}% 30
\BOOKMARK [2][-]{subsection.3.3.4}{\376\377\000T\036\247\000n\000g\000\040\0002\000:\000\040\000E\000x\000p\000e\000r\000t\000\040\000N\000e\000t\000w\000o\000r\000k\000\040\000v\000\340\000\040\000H\000a\000r\000d\000\040\000N\000e\000g\000a\000t\000i\000v\000e\000\040\000M\000i\000n\000i\000n\000g}{section.3.3}% 31
\BOOKMARK [2][-]{subsection.3.3.5}{\376\377\000T\036\353\000\040\000E\000x\000p\000e\000r\000t\000\040\000N\000e\000t\000w\000o\000r\000k\000\040\001\021\001\241\000n\000\040\000l\036\273\000\040\001\021\036\277\000n\000\040\000A\000s\000y\000m\000m\000e\000t\000r\000i\000c\000\040\000E\000n\000s\000e\000m\000b\000l\000e\000\040\000V\000o\000t\000i\000n\000g}{section.3.3}% 32
\BOOKMARK [2][-]{subsection.3.3.6}{\376\377\000T\000h\000i\036\277\000t\000\040\000k\036\277\000\040\000A\000s\000y\000m\000m\000e\000t\000r\000i\000c\000\040\000E\000n\000s\000e\000m\000b\000l\000e\000\040\000V\000o\000t\000i\000n\000g}{section.3.3}% 33
\BOOKMARK [1][-]{section.3.4}{\376\377\000G\000i\000a\000i\000\040\001\021\000o\036\241\000n\000\040\0003\000:\000\040\000T\000h\000\355\000c\000h\000\040\000n\000g\000h\000i\000\040\000m\000i\036\301\000n\000\040\000s\000a\000n\000g\000\040\000T\000e\000s\000t\000b\000e\000d\000\040\000t\000h\036\361\000c\000\040\000c\000h\000i\036\277\000n}{chapter.3}% 34
\BOOKMARK [2][-]{subsection.3.4.1}{\376\377\000C\000h\036\251\000n\000\040\001\021\000o\000\341\000n\000\040\000C\000o\000v\000a\000r\000i\000a\000t\000e\000\040\000S\000h\000i\000f\000t}{section.3.4}% 35
\BOOKMARK [2][-]{subsection.3.4.2}{\376\377\000T\036\241\000i\000\040\000s\000a\000o\000\040\000R\000e\000-\000f\000i\000t\000\040\000S\000c\000a\000l\000e\000r\000\040\000t\000h\036\245\000t\000\040\000b\036\241\000i}{section.3.4}% 36
\BOOKMARK [2][-]{subsection.3.4.3}{\376\377\000F\000i\000n\000e\000-\000t\000u\000n\000i\000n\000g\000\040\000v\036\333\000i\000\040\000L\000a\000y\000e\000r\000\040\000F\000r\000e\000e\000z\000i\000n\000g}{section.3.4}% 37
\BOOKMARK [2][-]{subsection.3.4.4}{\376\377\000M\000o\000d\000e\000l\000\040\000S\000u\000r\000g\000e\000r\000y\000:\000\040\000m\036\337\000\040\000r\036\331\000n\000g\000\040\000k\000h\000\364\000n\000g\000\040\000g\000i\000a\000n\000\040\001\021\036\267\000c\000\040\000t\000r\001\260\000n\000g}{section.3.4}% 38
\BOOKMARK [1][-]{section.3.5}{\376\377\000G\000i\000a\000i\000\040\001\021\000o\036\241\000n\000\040\0004\000:\000\040\000T\000\341\000i\000\040\000h\000u\036\245\000n\000\040\000l\000u\000y\036\307\000n\000\040\000m\000\364\000\040\000h\000\354\000n\000h\000\040\000t\000r\000\352\000n\000\040\000d\036\357\000\040\000l\000i\036\307\000u\000\040\000T\000e\000s\000t\000b\000e\000d\000\040\000n\036\331\000i\000\040\000b\036\331}{chapter.3}% 39
\BOOKMARK [2][-]{subsection.3.5.1}{\376\377\001\020\036\267\000c\000\040\001\021\000i\036\303\000m\000\040\000b\036\331\000\040\000d\036\357\000\040\000l\000i\036\307\000u\000\040\000T\000e\000s\000t\000b\000e\000d\000\040\000n\036\331\000i\000\040\000b\036\331}{section.3.5}% 40
\BOOKMARK [2][-]{subsection.3.5.2}{\376\377\000B\000\340\000i\000\040\000t\000o\000\341\000n\000\040\000P\000o\000r\000t\000S\000c\000a\000n\000:\000\040\000t\036\241\000i\000\040\000s\000a\000o\000\040\001\021\000i\036\301\000u\000\040\000c\000h\036\311\000n\000h\000\040\000t\000h\000u\036\255\000t\000\040\000t\000o\000\341\000n\000\040\000k\000h\000\364\000n\000g\000\040\001\021\036\347}{section.3.5}% 41
\BOOKMARK [2][-]{subsection.3.5.3}{\376\377\000B\000\340\000i\000\040\000t\000o\000\341\000n\000\040\000B\000r\000u\000t\000e\000\040\000F\000o\000r\000c\000e\000:\000\040\000t\000h\000i\036\277\000u\000\040\001\021\000a\000\040\000d\036\241\000n\000g\000\040\000p\000a\000t\000t\000e\000r\000n\000\040\000v\000\340\000\040\000g\000i\036\243\000i\000\040\000p\000h\000\341\000p\000\040\000t\001\003\000n\000g\000\040\000c\001\260\036\335\000n\000g\000\040\000d\036\357\000\040\000l\000i\036\307\000u}{section.3.5}% 42
\BOOKMARK [2][-]{subsection.3.5.4}{\376\377\000V\036\245\000n\000\040\001\021\036\301\000\040\001\021\036\323\000n\000g\000\040\000n\000h\036\245\000t\000\040\000m\000i\036\301\000n\000\040\000t\000r\000o\000n\000g\000\040\000t\036\255\000p\000\040\000k\000i\036\303\000m\000\040\001\021\036\313\000n\000h\000\040\000v\000\340\000\040\000h\036\307\000\040\000q\000u\036\243\000\040\000l\000\352\000n\000\040\001\021\036\331\000\040\000t\000i\000n\000\040\000c\036\255\000y\000\040\000c\036\347\000a\000\040\000m\000e\000t\000r\000i\000c}{section.3.5}% 43
\BOOKMARK [2][-]{subsection.3.5.5}{\376\377\000M\000\364\000\040\000h\000\354\000n\000h\000\040\000c\000u\036\321\000i\000\040\000V\0008\000.\0005\000:\000\040\000t\000h\000i\036\277\000t\000\040\000k\036\277\000,\000\040\000h\000u\036\245\000n\000\040\000l\000u\000y\036\307\000n\000\040\000v\000\340\000\040\001\021\000\341\000n\000h\000\040\000g\000i\000\341}{section.3.5}% 44
\BOOKMARK [1][-]{section.3.6}{\376\377\000T\000r\000i\036\303\000n\000\040\000k\000h\000a\000i\000\040\000H\000y\000b\000r\000i\000d\000\040\000I\000D\000S\000\040\000E\000n\000d\000-\000t\000o\000-\000E\000n\000d}{chapter.3}% 45
\BOOKMARK [2][-]{subsection.3.6.1}{\376\377\000P\000i\000p\000e\000l\000i\000n\000e\000\040\000t\000\355\000c\000h\000\040\000h\036\343\000p\000\040\000S\000n\000o\000r\000t\000,\000\040\000C\000I\000C\000F\000l\000o\000w\000M\000e\000t\000e\000r\000\040\000v\000\340\000\040\000F\000T\000-\000T\000r\000a\000n\000s\000f\000o\000r\000m\000e\000r}{section.3.6}% 46
\BOOKMARK [2][-]{subsection.3.6.2}{\376\377\000M\000\364\000i\000\040\000t\000r\001\260\036\335\000n\000g\000\040\000g\000i\036\243\000\040\000l\036\255\000p\000\040\000t\036\245\000n\000\040\000c\000\364\000n\000g\000\040\000x\000u\000y\000\352\000n\000\040\000t\000h\000i\036\277\000t\000\040\000b\036\313}{section.3.6}% 47
\BOOKMARK [0][-]{chapter.4}{\376\377\000P\000H\000\302\000N\000\040\000T\000\315\000C\000H\000\040\000L\000\335\000\040\000T\000H\000U\000Y\036\276\000T}{}% 48
\BOOKMARK [1][-]{section.4.1}{\376\377\000P\000h\000\342\000n\000\040\000t\000\355\000c\000h\000\040\000F\000o\000c\000a\000l\000\040\000L\000o\000s\000s\000\040\000t\000r\000o\000n\000g\000\040\001\021\000i\036\301\000u\000\040\000k\000i\036\307\000n\000\040\000m\036\245\000t\000\040\000c\000\342\000n\000\040\000b\036\261\000n\000g\000\040\000c\036\361\000c\000\040\001\021\000o\000a\000n}{chapter.4}% 49
\BOOKMARK [1][-]{section.4.2}{\376\377\000P\000h\000\342\000n\000\040\000t\000\355\000c\000h\000\040\000t\000\355\000n\000h\000\040\000p\000h\000\342\000n\000\040\000t\000\341\000c\000h\000\040\001\021\036\267\000c\000\040\000t\000r\001\260\000n\000g\000\040\000P\000o\000r\000t\000S\000c\000a\000n\000\040\000v\000\340\000\040\000B\000e\000n\000i\000g\000n}{chapter.4}% 50
\BOOKMARK [1][-]{section.4.3}{\376\377\000C\001\241\000\040\000s\036\337\000\040\000l\000\375\000\040\000t\000h\000u\000y\036\277\000t\000\040\000c\036\347\000a\000\040\000H\000a\000r\000d\000\040\000N\000e\000g\000a\000t\000i\000v\000e\000\040\000M\000i\000n\000i\000n\000g}{chapter.4}% 51
\BOOKMARK [1][-]{section.4.4}{\376\377\000L\000\375\000\040\000t\000h\000u\000y\036\277\000t\000\040\000E\000n\000s\000e\000m\000b\000l\000e\000\040\000V\000o\000t\000i\000n\000g\000\040\000v\000\340\000\040\000k\000i\036\303\000m\000\040\000s\000o\000\341\000t\000\040\000V\000a\000r\000i\000a\000n\000c\000e}{chapter.4}% 52
\BOOKMARK [1][-]{section.4.5}{\376\377\000C\001\241\000\040\000s\036\337\000\040\000c\036\347\000a\000\040\000L\000a\000y\000e\000r\000\040\000F\000r\000e\000e\000z\000i\000n\000g\000\040\000t\000r\000o\000n\000g\000\040\000T\000r\000a\000n\000s\000f\000e\000r\000\040\000L\000e\000a\000r\000n\000i\000n\000g}{chapter.4}% 53
\BOOKMARK [1][-]{section.4.6}{\376\377\000G\000i\036\333\000i\000\040\000h\036\241\000n\000\040\000c\036\347\000a\000\040\000d\036\357\000\040\000l\000i\036\307\000u\000\040\000f\000l\000o\000w\000-\000b\000a\000s\000e\000d\000\040\000t\001\051\000n\000h\000:\000\040\000t\000r\001\260\036\335\000n\000g\000\040\000h\036\343\000p\000\040\000I\000n\000f\000i\000l\000t\000r\000a\000t\000i\000o\000n}{chapter.4}% 54
\BOOKMARK [0][-]{chapter.5}{\376\377\001\020\000\301\000N\000H\000\040\000G\000I\000\301\000\040\000T\000H\036\360\000C\000\040\000N\000G\000H\000I\036\306\000M}{}% 55
\BOOKMARK [1][-]{section.5.1}{\376\377\000M\000\364\000i\000\040\000t\000r\001\260\036\335\000n\000g\000\040\000t\000h\036\361\000c\000\040\000n\000g\000h\000i\036\307\000m\000,\000\040\000b\036\331\000\040\000d\036\357\000\040\000l\000i\036\307\000u\000\040\000v\000\340\000\040\000t\000h\000a\000m\000\040\000s\036\321\000\040\001\021\000\341\000n\000h\000\040\000g\000i\000\341}{chapter.5}% 56
\BOOKMARK [2][-]{subsection.5.1.1}{\376\377\000M\000\364\000i\000\040\000t\000r\001\260\036\335\000n\000g\000\040\000p\000h\036\247\000n\000\040\000c\036\351\000n\000g\000\040\000v\000\340\000\040\000p\000h\036\247\000n\000\040\000m\036\301\000m}{section.5.1}% 57
\BOOKMARK [2][-]{subsection.5.1.2}{\376\377\000B\036\331\000\040\000d\036\357\000\040\000l\000i\036\307\000u\000\040\000t\000h\036\361\000c\000\040\000n\000g\000h\000i\036\307\000m}{section.5.1}% 58
\BOOKMARK [2][-]{subsection.5.1.3}{\376\377\000C\000\341\000c\000\040\000c\000h\036\311\000\040\000s\036\321\000\040\001\021\000\341\000n\000h\000\040\000g\000i\000\341}{section.5.1}% 59
\BOOKMARK [1][-]{section.5.2}{\376\377\000K\036\277\000t\000\040\000q\000u\036\243\000\040\000g\000i\000a\000i\000\040\001\021\000o\036\241\000n\000\040\000N\000S\000L\000-\000K\000D\000D}{chapter.5}% 60
\BOOKMARK [1][-]{section.5.3}{\376\377\000K\036\277\000t\000\040\000q\000u\036\243\000\040\000T\000w\000o\000-\000S\000t\000a\000g\000e\000\040\000C\000a\000s\000c\000a\000d\000e\000\040\000N\000I\000D\000S\000\040\000t\000r\000\352\000n\000\040\000C\000I\000C\000-\000I\000D\000S\000-\0002\0000\0001\0007}{chapter.5}% 61
\BOOKMARK [2][-]{subsection.5.3.1}{\376\377\000H\000i\036\307\000u\000\040\000q\000u\036\243\000\040\000k\000i\036\277\000n\000\040\000t\000r\000\372\000c\000\040\000T\000w\000o\000-\000S\000t\000a\000g\000e\000\040\000s\000o\000\040\000v\036\333\000i\000\040\000m\000\364\000\040\000h\000\354\000n\000h\000\040\0001\000-\000S\000t\000a\000g\000e}{section.5.3}% 62
\BOOKMARK [2][-]{subsection.5.3.2}{\376\377\001\020\000\363\000n\000g\000\040\000g\000\363\000p\000\040\000c\036\347\000a\000\040\000H\000a\000r\000d\000\040\000N\000e\000g\000a\000t\000i\000v\000e\000\040\000M\000i\000n\000i\000n\000g}{section.5.3}% 63
\BOOKMARK [2][-]{subsection.5.3.3}{\376\377\000K\036\277\000t\000\040\000q\000u\036\243\000\040\000E\000n\000s\000e\000m\000b\000l\000e\000\040\000V\000o\000t\000i\000n\000g\000\040\000c\000u\036\321\000i\000\040\000c\000\371\000n\000g}{section.5.3}% 64
\BOOKMARK [1][-]{section.5.4}{\376\377\000K\036\277\000t\000\040\000q\000u\036\243\000\040\000t\000h\000\355\000c\000h\000\040\000n\000g\000h\000i\000\040\000m\000i\036\301\000n}{chapter.5}% 65
\BOOKMARK [1][-]{section.5.5}{\376\377\000K\036\277\000t\000\040\000q\000u\036\243\000\040\000m\000\364\000\040\000h\000\354\000n\000h\000\040\000t\000r\000\352\000n\000\040\000T\000e\000s\000t\000b\000e\000d\000\040\000n\036\331\000i\000\040\000b\036\331}{chapter.5}% 66
\BOOKMARK [2][-]{subsection.5.5.1}{\376\377\000B\036\261\000n\000g\000\040\000c\000h\036\351\000n\000g\000\040\001\021\036\313\000n\000h\000\040\000l\001\260\036\343\000n\000g\000\040\000v\036\301\000\040\000t\000\355\000n\000h\000\040\000k\000h\000\364\000n\000g\000\040\000p\000h\000\342\000n\000\040\000t\000\341\000c\000h\000\040\000c\036\347\000a\000\040\000P\000o\000r\000t\000S\000c\000a\000n\000\040\000v\000\340\000\040\000B\000e\000n\000i\000g\000n}{section.5.5}% 67
\BOOKMARK [2][-]{subsection.5.5.2}{\376\377\000K\036\277\000t\000\040\000q\000u\036\243\000\040\000p\000h\000i\000\352\000n\000\040\000b\036\243\000n\000\040\000c\000u\036\321\000i}{section.5.5}% 68
\BOOKMARK [1][-]{section.5.6}{\376\377\000T\000h\036\355\000\040\000n\000g\000h\000i\036\307\000m\000\040\000h\036\307\000\040\000t\000h\036\321\000n\000g\000\040\000E\000n\000d\000-\000t\000o\000-\000E\000n\000d}{chapter.5}% 69
\BOOKMARK [0][-]{chapter.6}{\376\377\000K\036\276\000T\000\040\000L\000U\036\254\000N}{}% 70
\BOOKMARK [1][-]{section.6.1}{\376\377\000K\036\277\000t\000\040\000l\000u\036\255\000n}{chapter.6}% 71
\BOOKMARK [1][-]{section.6.2}{\376\377\000H\001\260\036\333\000n\000g\000\040\000p\000h\000\341\000t\000\040\000t\000r\000i\036\303\000n\000\040\000t\000r\000o\000n\000g\000\040\000t\001\260\001\241\000n\000g\000\040\000l\000a\000i}{chapter.6}% 72
\BOOKMARK [0][-]{section*.33}{\376\377\000T\000\300\000I\000\040\000L\000I\036\306\000U\000\040\000T\000H\000A\000M\000\040\000K\000H\036\242\000O}{}% 73
\BOOKMARK [0][-]{section*.34}{\376\377\000P\000H\036\344\000\040\000L\036\344\000C}{}% 74
\BOOKMARK [0][-]{appendix.A}{\376\377\000C\036\244\000U\000\040\000H\000\314\000N\000H\000\040\000M\000\324\000I\000\040\000T\000R\001\257\036\334\000N\000G\000\040\000T\000H\036\360\000C\000\040\000N\000G\000H\000I\036\306\000M}{}% 75
\BOOKMARK [1][-]{section.A.1}{\376\377\000C\036\245\000u\000\040\000h\000\354\000n\000h\000\040\000W\000S\000L\0002\000\040\000M\000i\000r\000r\000o\000r\000e\000d\000\040\000N\000e\000t\000w\000o\000r\000k\000i\000n\000g}{appendix.A}% 76
\BOOKMARK [1][-]{section.A.2}{\376\377\000C\000\340\000i\000\040\001\021\036\267\000t\000\040\000v\000\340\000\040\000c\036\245\000u\000\040\000h\000\354\000n\000h\000\040\000S\000n\000o\000r\000t\000\040\0003}{appendix.A}% 77
\BOOKMARK [1][-]{section.A.3}{\376\377\000T\000r\000i\036\303\000n\000\040\000k\000h\000a\000i\000\040\000C\000I\000C\000F\000l\000o\000w\000M\000e\000t\000e\000r\000\040\000t\000r\000\352\000n\000\040\000W\000S\000L}{appendix.A}% 78
\BOOKMARK [1][-]{section.A.4}{\376\377\000H\001\260\036\333\000n\000g\000\040\000d\036\253\000n\000\040\000k\000h\036\337\000i\000\040\000c\000h\036\241\000y\000\040\000p\000i\000p\000e\000l\000i\000n\000e\000\040\000E\000n\000d\000-\000t\000o\000-\000E\000n\000d}{appendix.A}% 79
\BOOKMARK [0][-]{appendix.B}{\376\377\000T\000H\000\324\000N\000G\000\040\000S\036\320\000\040\000M\000\324\000\040\000H\000\314\000N\000H\000\040\000V\000\300\000\040\000K\036\276\000T\000\040\000Q\000U\036\242\000\040\000C\000H\000I\000\040\000T\000I\036\276\000T}{}% 80
\BOOKMARK [1][-]{section.B.1}{\376\377\000S\000i\000\352\000u\000\040\000t\000h\000a\000m\000\040\000s\036\321\000\040\000m\000\364\000\040\000h\000\354\000n\000h}{appendix.B}% 81
\BOOKMARK [2][-]{subsection.B.1.1}{\376\377\000N\000S\000L\000-\000K\000D\000D\000\040\040\024\000\040\000S\000t\000a\000g\000e\000\040\0001\000:\000\040\000A\000u\000t\000o\000e\000n\000c\000o\000d\000e\000r\000\040\000A\000n\000o\000m\000a\000l\000y\000\040\000G\000a\000t\000e}{section.B.1}% 82
\BOOKMARK [2][-]{subsection.B.1.2}{\376\377\000N\000S\000L\000-\000K\000D\000D\000\040\040\024\000\040\000S\000t\000a\000g\000e\000\040\0002\000:\000\040\000F\000T\000-\000T\000r\000a\000n\000s\000f\000o\000r\000m\000e\000r}{section.B.1}% 83
\BOOKMARK [2][-]{subsection.B.1.3}{\376\377\000N\000S\000L\000-\000K\000D\000D\000\040\040\024\000\040\000S\000t\000a\000g\000e\000\040\0002\000:\000\040\000L\000i\000g\000h\000t\000G\000B\000M}{section.B.1}% 84
\BOOKMARK [2][-]{subsection.B.1.4}{\376\377\000N\000S\000L\000-\000K\000D\000D\000\040\040\024\000\040\000S\000t\000a\000g\000e\000\040\0002\000:\000\040\000M\000e\000t\000a\000\040\000L\000o\000g\000i\000s\000t\000i\000c\000\040\000R\000e\000g\000r\000e\000s\000s\000i\000o\000n}{section.B.1}% 85
\BOOKMARK [2][-]{subsection.B.1.5}{\376\377\000C\000I\000C\000-\000I\000D\000S\000-\0002\0000\0001\0007\000\040\040\024\000\040\000S\000t\000a\000g\000e\000\040\0001\000:\000\040\000G\000a\000t\000i\000n\000g\000\040\000N\000e\000t\000w\000o\000r\000k}{section.B.1}% 86
\BOOKMARK [2][-]{subsection.B.1.6}{\376\377\000C\000I\000C\000-\000I\000D\000S\000-\0002\0000\0001\0007\000\040\040\024\000\040\000S\000t\000a\000g\000e\000\040\0002\000:\000\040\000E\000x\000p\000e\000r\000t\000\040\000N\000e\000t\000w\000o\000r\000k}{section.B.1}% 87
\BOOKMARK [2][-]{subsection.B.1.7}{\376\377\000C\000I\000C\000-\000I\000D\000S\000-\0002\0000\0001\0007\000\040\040\024\000\040\000S\000t\000a\000g\000e\000\040\0002\000:\000\040\000R\000a\000n\000d\000o\000m\000\040\000F\000o\000r\000e\000s\000t\000\040\000v\000\340\000\040\000K\000N\000N}{section.B.1}% 88
\BOOKMARK [2][-]{subsection.B.1.8}{\376\377\000T\000e\000s\000t\000b\000e\000d\000\040\000V\0008\000.\0005\000\040\040\024\000\040\000F\000T\000-\000T\000r\000a\000n\000s\000f\000o\000r\000m\000e\000r}{section.B.1}% 89
\BOOKMARK [1][-]{section.B.2}{\376\377\000K\036\277\000t\000\040\000q\000u\036\243\000\040\000c\000h\000i\000\040\000t\000i\036\277\000t\000\040\000c\000\341\000c\000\040\000t\000h\036\361\000c\000\040\000n\000g\000h\000i\036\307\000m}{appendix.B}% 90
\BOOKMARK [2][-]{subsection.B.2.1}{\376\377\000N\000S\000L\000-\000K\000D\000D\000\040\040\024\000\040\000K\036\277\000t\000\040\000q\000u\036\243\000\040\000p\000e\000r\000-\000c\000l\000a\000s\000s\000\040\000t\000r\000\352\000n\000\040\000K\000D\000D\000T\000e\000s\000t\000+}{section.B.2}% 91
\BOOKMARK [2][-]{subsection.B.2.2}{\376\377\000C\000I\000C\000-\000I\000D\000S\000-\0002\0000\0001\0007\000\040\040\024\000\040\000K\036\277\000t\000\040\000q\000u\036\243\000\040\000a\000b\000l\000a\000t\000i\000o\000n\000\040\000k\000i\036\277\000n\000\040\000t\000r\000\372\000c}{section.B.2}% 92
\BOOKMARK [2][-]{subsection.B.2.3}{\376\377\000C\000I\000C\000-\000I\000D\000S\000-\0002\0000\0001\0007\000\040\040\024\000\040\000K\036\277\000t\000\040\000q\000u\036\243\000\040\000p\000e\000r\000-\000c\000l\000a\000s\000s\000\040\000c\000u\036\321\000i}{section.B.2}% 93
\BOOKMARK [2][-]{subsection.B.2.4}{\376\377\000C\000h\036\251\000n\000\040\001\021\000o\000\341\000n\000\040\000c\000o\000v\000a\000r\000i\000a\000t\000e\000\040\000s\000h\000i\000f\000t}{section.B.2}% 94
\BOOKMARK [2][-]{subsection.B.2.5}{\376\377\000T\000e\000s\000t\000b\000e\000d\000\040\000V\0008\000.\0005\000\040\040\024\000\040\000K\036\277\000t\000\040\000q\000u\036\243\000\040\000p\000e\000r\000-\000c\000l\000a\000s\000s\000\040\000t\000r\000\352\000n\000\040\000v\000a\000l\000\040\000s\000e\000t\000\040\001\021\000a\000\040\000d\036\241\000n\000g\000\040\000m\000i\036\301\000n}{section.B.2}% 95
\BOOKMARK [2][-]{subsection.B.2.6}{\376\377\000S\000o\000\040\000s\000\341\000n\000h\000\040\000v\000a\000l\000\040\000s\000e\000t\000\040\001\021\036\323\000n\000g\000\040\000n\000h\036\245\000t\000\040\000v\000\340\000\040\001\021\000a\000\040\000d\036\241\000n\000g\000\040\000m\000i\036\301\000n}{section.B.2}% 96
